<?xml version="1.0" ?>
<FlowMonitor>
  <FlowStats>
    <Flow flowId="1" timeFirstTxPacket="+2e+09ns" timeFirstRxPacket="+2.00388e+09ns" timeLastTxPacket="+1.199e+10ns" timeLastRxPacket="+1.19939e+10ns" delaySum="+3.8816e+09ns" jitterSum="+0ns" lastDelay="+3.8816e+06ns" maxDelay="+3.8816e+06ns" minDelay="+3.8816e+06ns" txBytes="1052000" rxBytes="1052000" txPackets="1000" rxPackets="1000" lostPackets="0" timesForwarded="2000">
      <delayHistogram nBins="4" >
        <bin index="3" start="0.003" width="0.001" count="1000" />
      </delayHistogram>
      <jitterHistogram nBins="1" >
        <bin index="0" start="0" width="0.001" count="999" />
      </jitterHistogram>
      <packetSizeHistogram nBins="53" >
        <bin index="52" start="1040" width="20" count="1000" />
      </packetSizeHistogram>
      <flowInterruptionsHistogram nBins="0" >
      </flowInterruptionsHistogram>
    </Flow>
    <Flow flowId="2" timeFirstTxPacket="+2.00388e+09ns" timeFirstRxPacket="+2.00776e+09ns" timeLastTxPacket="+1.19939e+10ns" timeLastRxPacket="+1.19978e+10ns" delaySum="+3.8816e+09ns" jitterSum="+0ns" lastDelay="+3.8816e+06ns" maxDelay="+3.8816e+06ns" minDelay="+3.8816e+06ns" txBytes="1052000" rxBytes="1052000" txPackets="1000" rxPackets="1000" lostPackets="0" timesForwarded="2000">
      <delayHistogram nBins="4" >
        <bin index="3" start="0.003" width="0.001" count="1000" />
      </delayHistogram>
      <jitterHistogram nBins="1" >
        <bin index="0" start="0" width="0.001" count="999" />
      </jitterHistogram>
      <packetSizeHistogram nBins="53" >
        <bin index="52" start="1040" width="20" count="1000" />
      </packetSizeHistogram>
      <flowInterruptionsHistogram nBins="0" >
      </flowInterruptionsHistogram>
    </Flow>
  </FlowStats>
  <Ipv4FlowClassifier>
    <Flow flowId="1" sourceAddress="10.1.1.1" destinationAddress="10.1.3.2" protocol="17" sourcePort="49153" destinationPort="9">
      <Dscp value="0x0" packets="1000" />
    </Flow>
    <Flow flowId="2" sourceAddress="10.1.3.2" destinationAddress="10.1.1.1" protocol="17" sourcePort="9" destinationPort="49153">
      <Dscp value="0x0" packets="1000" />
    </Flow>
  </Ipv4FlowClassifier>
  <Ipv6FlowClassifier>
  </Ipv6FlowClassifier>
  <FlowProbes>
    <FlowProbe index="0">
      <FlowStats  flowId="1" packets="1000" bytes="1052000" delayFromFirstProbeSum="+0ns" >
      </FlowStats>
      <FlowStats  flowId="2" packets="1000" bytes="1052000" delayFromFirstProbeSum="+3.8816e+09ns" >
      </FlowStats>
    </FlowProbe>
    <FlowProbe index="1">
    </FlowProbe>
    <FlowProbe index="2">
      <FlowStats  flowId="1" packets="1000" bytes="1052000" delayFromFirstProbeSum="+8.452e+08ns" >
      </FlowStats>
      <FlowStats  flowId="2" packets="1000" bytes="1052000" delayFromFirstProbeSum="+3.0364e+09ns" >
      </FlowStats>
    </FlowProbe>
    <FlowProbe index="3">
    </FlowProbe>
    <FlowProbe index="4">
      <FlowStats  flowId="1" packets="1000" bytes="1052000" delayFromFirstProbeSum="+1.9384e+09ns" >
      </FlowStats>
      <FlowStats  flowId="2" packets="1000" bytes="1052000" delayFromFirstProbeSum="+1.9432e+09ns" >
      </FlowStats>
    </FlowProbe>
    <FlowProbe index="5">
    </FlowProbe>
    <FlowProbe index="6">
      <FlowStats  flowId="1" packets="1000" bytes="1052000" delayFromFirstProbeSum="+3.8816e+09ns" >
      </FlowStats>
      <FlowStats  flowId="2" packets="1000" bytes="1052000" delayFromFirstProbeSum="+0ns" >
      </FlowStats>
    </FlowProbe>
    <FlowProbe index="7">
    </FlowProbe>
  </FlowProbes>
</FlowMonitor>
